<?xml version="1.0" encoding="utf-8"?><testsuites><testsuite errors="0" failures="0" hostname="smburns-XPS-13-9370" name="pytest" skipped="0" tests="3" time="5.232" timestamp="2019-12-11T13:28:06.525707"><testcase classname="tests.test_inout_channels" file="tests/test_inout_channels.py" line="4" name="test_A" time="3.841"></testcase><testcase classname="tests.test_no_channels" file="tests/test_no_channels.py" line="3" name="test_A" time="0.208"></testcase><testcase classname="tests.test_out_channels" file="tests/test_out_channels.py" line="4" name="test_A" time="0.981"></testcase></testsuite></testsuites>